main replicate 1/10
main replicate 2/10
main replicate 3/10
main replicate 4/10
main replicate 5/10
main replicate 6/10
main replicate 7/10
main replicate 8/10
main replicate 9/10
main replicate 10/10
sex-isolation replicate 1/5
sex-isolation replicate 2/5
sex-isolation replicate 3/5
sex-isolation replicate 4/5
sex-isolation replicate 5/5

MAIN INTEGRATED PANEL
phenotype                      corr(adj) effN/cc  meanChi2  lambda strat raw->adj
case/control                     0.5862   1.000     58.43    1.14->1.02
ADuLT (no family history)        0.5996   1.049     61.26    1.02->1.01
LT-FH (single K)                 0.6285   1.149     66.95    1.13->0.99
FH + age CIP                     0.6389   1.189     69.25    1.00->1.02
FH + age + sex CIP               0.6387   1.188     69.22    0.99->1.01
FH + age + cohort CIP            0.6404   1.194     69.56    1.01->1.02
LT-FH++ (full CIP)               0.6404   1.194     69.56    1.00->1.01
oracle (true g)                  1.0000   2.904    166.74    0.99->0.99
paired contrasts (right - left; t-based 95% CI)
  ADuLT (no family history) - case/control: Δcorr=+0.01348 ± 0.00285; ΔeffN=+0.0490 ± 0.0096; ΔmeanChi2=+2.833 ± 0.614
  LT-FH++ (full CIP) - ADuLT (no family history): Δcorr=+0.04073 ± 0.00358; ΔeffN=+0.1454 ± 0.0154; ΔmeanChi2=+8.301 ± 0.754
  LT-FH (single K) - case/control: Δcorr=+0.04238 ± 0.00385; ΔeffN=+0.1489 ± 0.0147; ΔmeanChi2=+8.524 ± 0.838
  LT-FH++ (full CIP) - LT-FH (single K): Δcorr=+0.01183 ± 0.00209; ΔeffN=+0.0455 ± 0.0073; ΔmeanChi2=+2.610 ± 0.448
  FH + age CIP - LT-FH (single K): Δcorr=+0.01037 ± 0.00226; ΔeffN=+0.0399 ± 0.0076; ΔmeanChi2=+2.298 ± 0.479
  FH + age + sex CIP - FH + age CIP: Δcorr=-0.00018 ± 0.00025; ΔeffN=-0.0004 ± 0.0010; ΔmeanChi2=-0.028 ± 0.052
  FH + age + cohort CIP - FH + age CIP: Δcorr=+0.00152 ± 0.00056; ΔeffN=+0.0056 ± 0.0022; ΔmeanChi2=+0.317 ± 0.123
  LT-FH++ (full CIP) - FH + age CIP: Δcorr=+0.00146 ± 0.00066; ΔeffN=+0.0056 ± 0.0026; ΔmeanChi2=+0.313 ± 0.140
  LT-FH++ (full CIP) - FH + age + sex CIP: Δcorr=+0.00163 ± 0.00055; ΔeffN=+0.0060 ± 0.0022; ΔmeanChi2=+0.340 ± 0.122
  LT-FH++ (full CIP) - FH + age + cohort CIP: Δcorr=-0.00006 ± 0.00019; ΔeffN=-0.0000 ± 0.0008; ΔmeanChi2=-0.004 ± 0.041

PRESPECIFIED SEX-ISOLATION PANEL
phenotype                      corr(adj) effN/cc  meanChi2  lambda strat raw->adj
case/control                     0.5540   1.000     37.18    1.02->1.01
FH + age CIP                     0.6298   1.292     47.75    1.18->1.05
FH + age + sex CIP               0.6307   1.296     47.90    1.15->1.06
paired contrasts (right - left; t-based 95% CI)
  FH + age + sex CIP - FH + age CIP: Δcorr=+0.00097 ± 0.00111; ΔeffN=+0.0040 ± 0.0046; ΔmeanChi2=+0.147 ± 0.168
    Δ(female-male mean-error gap)=-0.05092 ± 0.00096

Gibbs cross-check diagnostics (first main replicates only)
  gibbs_agreement: 0.999901
  gibbs_mcse_max: 0.00903725
  gibbs_unconverged_n: 0
  gibbs_minus_pa_mean: -0.00189166
  gibbs_nrmse_score_sd: 0.0173953
  gibbs_vs_pa_slope: 0.990212
  gibbs_vs_pa_intercept: 0.00044723

wrote bench_ltfhpp_personalization.csv and bench_ltfhpp_personalization.png
