PA-FGRS censoring-mixture generative validation
seed=20260719  h2=0.5  K_pop=0.1  CIP logistic(mid=60.0, slope=0.125)  fams=20000 reps=5  fam_vec=['m', 'f', 's1']
truth = simulated genetic liability; slope = regress(true ~ est) (1.0 = calibrated); +/- is across-replicate SE

===== observation model: CROSSING =====
--- MID regime (heavy censoring) ---
  arm                             corr(PA)         slope(PA)  corr(Gibbs) slope(Gibbs) corr(PA,Gibbs)
  base + no-mixture       0.3281 ± 0.0047  1.1992 ± 0.0151       0.3337       1.2192         0.9992
  base + mixture          0.3277 ± 0.0047  1.1738 ± 0.0149            -            -              -
  interval + mixture      0.3334 ± 0.0047  0.8444 ± 0.0097            -            -              -
  pinned + no-mixture     0.3337 ± 0.0048  0.9977 ± 0.0109            -            -              -
  pinned + mixture        0.3337 ± 0.0048  0.9766 ± 0.0109            -            -              -

--- OLD regime (light censoring) ---
  arm                             corr(PA)         slope(PA)  corr(Gibbs) slope(Gibbs) corr(PA,Gibbs)
  base + no-mixture       0.4693 ± 0.0030  1.0293 ± 0.0069       0.4623       1.0217         0.9998
  base + mixture          0.4691 ± 0.0030  1.0209 ± 0.0068            -            -              -
  interval + mixture      0.4766 ± 0.0033  0.8263 ± 0.0050            -            -              -
  pinned + no-mixture     0.4770 ± 0.0034  0.9885 ± 0.0057            -            -              -
  pinned + mixture        0.4769 ± 0.0034  0.9811 ± 0.0057            -            -              -

===== observation model: STOCHASTIC-ONSET =====
--- MID regime (heavy censoring) ---
  arm                             corr(PA)         slope(PA)  corr(Gibbs) slope(Gibbs) corr(PA,Gibbs)
  base + no-mixture       0.2757 ± 0.0030  1.0184 ± 0.0134       0.2699       0.9959         0.9992
  base + mixture          0.2758 ± 0.0030  0.9974 ± 0.0130            -            -              -

--- OLD regime (light censoring) ---
  arm                             corr(PA)         slope(PA)  corr(Gibbs) slope(Gibbs) corr(PA,Gibbs)
  base + no-mixture       0.4528 ± 0.0031  0.9957 ± 0.0075       0.4495       0.9925         0.9998
  base + mixture          0.4528 ± 0.0031  0.9878 ± 0.0075            -            -              -

paired contrasts (mixture - no-mixture per replicate; mean ± SE, t-based 95% CI half-width)
  crossing/mid base + mixture - base + no-mixture: Δcorr=-0.00034 ± 0.00004 (CI95 ±0.00011); Δslope=-0.02537 ± 0.00032 (CI95 ±0.00088)
  crossing/mid pinned + mixture - pinned + no-mixture: Δcorr=-0.00002 ± 0.00004 (CI95 ±0.00010); Δslope=-0.02106 ± 0.00032 (CI95 ±0.00089)
  crossing/old base + mixture - base + no-mixture: Δcorr=-0.00017 ± 0.00005 (CI95 ±0.00013); Δslope=-0.00844 ± 0.00013 (CI95 ±0.00036)
  crossing/old pinned + mixture - pinned + no-mixture: Δcorr=-0.00008 ± 0.00004 (CI95 ±0.00011); Δslope=-0.00743 ± 0.00012 (CI95 ±0.00034)
  stochastic/mid base + mixture - base + no-mixture: Δcorr=+0.00007 ± 0.00005 (CI95 ±0.00014); Δslope=-0.02093 ± 0.00047 (CI95 ±0.00131)
  stochastic/old base + mixture - base + no-mixture: Δcorr=+0.00002 ± 0.00005 (CI95 ±0.00013); Δslope=-0.00787 ± 0.00009 (CI95 ±0.00025)

wrote bench_pafgrs_mixture.csv
runtime 98s
