Locked LTFHPlus / LTFGRS comparison
LTFHPlus 2.2.0  LTFGRS 1.0.1  Rscript=/usr/local/bin/Rscript
n_fam=200  reps=3  fam=m+f+s1  h2=0.5  K=0.05  tol=0.01  n_sim=100000  burn_in=1000
R future workers=1  Numba threads=1
Estimand: posterior-mean genetic liability on classic LT-FH bounds.
LTFHPlus is Gibbs-only. Public PA is LTFGRS method=PA.
Peak RSS: isolated process via _peak_launcher (wait4, not parent floor).

Warning message:
package ‘future’ was built under R version 4.6.1 
The number of workers is 1

LTFHPlus 2.2.0  workers=1  families=200  seconds=13.782
Warning message:
package ‘future’ was built under R version 4.6.1 
The number of workers is 1

LTFGRS 1.0.1  method=PA  workers=1  families=200  seconds=3.5920
OMP: Info #276: omp_set_nested routine deprecated, please use omp_set_max_active_levels instead.
ltpred pa  families=200  seconds=0.0014
OMP: Info #276: omp_set_nested routine deprecated, please use omp_set_max_active_levels instead.
ltpred gibbs  families=200  seconds=7.6143
rep 0: corr(Gibbs,LTFHPlus)=0.99989  corr(PA,LTFHPlus)=0.99991  corr(PA,LTFGRS)=1.00000  t LTFGRS=3.592s  RMSE(Gibbs,R)=0.0043  t R=13.78s  t Gibbs=7.61s  t PA=0.001s  RSS MiB LTFHPlus=443.2  LTFGRS=266.2  Gibbs=171.4  PA=174.5
Warning message:
package ‘future’ was built under R version 4.6.1 
The number of workers is 1

LTFHPlus 2.2.0  workers=1  families=200  seconds=11.193
Warning message:
package ‘future’ was built under R version 4.6.1 
The number of workers is 1

LTFGRS 1.0.1  method=PA  workers=1  families=200  seconds=3.3060
OMP: Info #276: omp_set_nested routine deprecated, please use omp_set_max_active_levels instead.
ltpred pa  families=200  seconds=0.0014
OMP: Info #276: omp_set_nested routine deprecated, please use omp_set_max_active_levels instead.
ltpred gibbs  families=200  seconds=7.8953
rep 1: corr(Gibbs,LTFHPlus)=0.99993  corr(PA,LTFHPlus)=0.99994  corr(PA,LTFGRS)=1.00000  t LTFGRS=3.306s  RMSE(Gibbs,R)=0.0039  t R=11.19s  t Gibbs=7.90s  t PA=0.001s  RSS MiB LTFHPlus=425.4  LTFGRS=254.8  Gibbs=179.3  PA=174.7
Warning message:
package ‘future’ was built under R version 4.6.1 
The number of workers is 1

LTFHPlus 2.2.0  workers=1  families=200  seconds=12.955
Warning message:
package ‘future’ was built under R version 4.6.1 
The number of workers is 1

LTFGRS 1.0.1  method=PA  workers=1  families=200  seconds=2.2710
OMP: Info #276: omp_set_nested routine deprecated, please use omp_set_max_active_levels instead.
ltpred pa  families=200  seconds=0.0014
OMP: Info #276: omp_set_nested routine deprecated, please use omp_set_max_active_levels instead.
ltpred gibbs  families=200  seconds=7.3800
rep 2: corr(Gibbs,LTFHPlus)=0.99993  corr(PA,LTFHPlus)=0.99993  corr(PA,LTFGRS)=1.00000  t LTFGRS=2.271s  RMSE(Gibbs,R)=0.0039  t R=12.96s  t Gibbs=7.38s  t PA=0.001s  RSS MiB LTFHPlus=458.2  LTFGRS=256.1  Gibbs=178.9  PA=179.3

Across-replicate mean ± SE
  corr(ltpred Gibbs, LTFHPlus)         0.9999 ± 0.0000
  corr(ltpred PA, LTFHPlus)            0.9999 ± 0.0000
  corr(ltpred PA, LTFGRS PA)           1.0000 ± 0.0000
  RMSE(ltpred Gibbs, LTFHPlus)         0.0040 ± 0.0001
  RMSE(ltpred PA, LTFGRS PA)           0.0001 ± 0.0000
  LTFHPlus seconds (total)             12.6433 ± 0.7635
  LTFHPlus ms / family                 63.2167 ± 3.8173
  LTFGRS PA seconds (total)            3.0563 ± 0.4013
  LTFGRS PA ms / family                15.2817 ± 2.0063
  ltpred Gibbs seconds (total)         7.6299 ± 0.1490
  ltpred Gibbs ms / family             38.1493 ± 0.7448
  ltpred PA seconds (total)            0.0014 ± 0.0000
  ltpred PA ms / family                0.0070 ± 0.0000
  LTFHPlus peak RSS bytes              442.26 ± 9.49 MiB
  LTFGRS PA peak RSS bytes             259.04 ± 3.59 MiB
  ltpred Gibbs peak RSS bytes          176.54 ± 2.59 MiB
  ltpred PA peak RSS bytes             176.20 ± 1.57 MiB
  fold LTFHPlus / ltpred Gibbs         1.6610 ± 0.1227
  fold LTFGRS PA / ltpred PA           2194.9768 ± 299.6457
  fold LTFHPlus / ltpred PA            9067.3138 ± 564.2697
  fold LTFGRS PA / ltpred Gibbs        0.3994 ± 0.0483

Fold times on this machine (mean of per-replicate ratios; R workers=1, Numba threads=1):
  LTFHPlus / ltpred Gibbs = 1.66 ± 0.12  (same algorithm)
  LTFGRS PA / ltpred PA   = 2195.0 ± 299.6  (same algorithm)
  LTFHPlus / ltpred PA    = 9067 ± 564  (mixes algorithms)
These are not hardware-independent constants.
Peak RSS is the isolated child via wait4; it includes the
interpreter and packages, not just the estimator scratch.

wrote bench_ltfhplus_compare_1thread.csv
