replicate 1/5
  n_train=5000  n_test=5000  case rate=0.049
replicate 2/5
  n_train=5000  n_test=5000  case rate=0.053
replicate 3/5
  n_train=5000  n_test=5000  case rate=0.050
replicate 4/5
  n_train=5000  n_test=5000  case rate=0.053
replicate 5/5
  n_train=5000  n_test=5000  case rate=0.055

arm                              corr_g             R2_g         NCP/cc       lambdaGC
case/control                0.343±0.007      0.118±0.005      1.00±0.00    0.999±0.021
LT-FH (PA)                  0.413±0.003      0.170±0.003      1.45±0.02    1.018±0.023
PGS                         0.485±0.009      0.236±0.009              —              —
PGS + LT-FH joint                     —      0.339±0.009              —              —
oracle (true g)                       —                —      7.95±0.43    1.017±0.018

paired contrasts (right - left; t-based 95% CI)
  LT-FH (PA) - case/control [ncp_ratio_vs_cc]: Δ=+0.4464 ± 0.0638 (n=5)
  LT-FH (PA) - case/control [corr_g]: Δ=+0.0694 ± 0.0104 (n=5)
  PGS - case/control [r2_g]: Δ=+0.1176 ± 0.0199 (n=5)
  PGS + LT-FH joint - PGS [r2_g]: Δ=+0.1036 ± 0.0071 (n=5)
  PGS + LT-FH joint - LT-FH (PA) [r2_g]: Δ=+0.1689 ± 0.0188 (n=5)
  theory a*b*sqrt(p) - observed corr(PGS,FH) [corr_pgs_fh]: Δ=-0.0006 ± 0.0160 (n=5)

wrote bench_pgs_comparison.csv and bench_pgs_comparison.png
