
=== A. h2 recovery by ascertainment scheme ===
 structure          scheme   fitted     bias      SD   bnd     sel   case%
   nuclear      population    0.523   +0.023   0.055  0.00   1.000   0.050
   nuclear       random_50    0.506   +0.006   0.083  0.00   0.501   0.049
   nuclear    proband_case    1.000   +0.500   0.000  1.00   0.050   1.000
   nuclear    case_control    1.000   +0.500   0.000  1.00   0.099   0.499
   nuclear     enriched_20    1.000   +0.500   0.000  1.00   0.250   0.199
   nuclear  family_history    1.000   +0.500   0.000  1.00   0.171   0.293
   nuclear fh_proband_control    1.000   +0.500   0.000  1.00   0.121   0.000
   sibship      population    0.511   +0.011   0.030  0.00   1.000   0.051
   sibship       random_50    0.499   -0.001   0.035  0.00   0.500   0.051
   sibship    proband_case    1.000   +0.500   0.000  1.00   0.050   1.000
   sibship    case_control    1.000   +0.500   0.000  1.00   0.100   0.500
   sibship     enriched_20    1.000   +0.500   0.000  1.00   0.251   0.199
   sibship  family_history    1.000   +0.500   0.000  1.00   0.231   0.218
   sibship fh_proband_control    1.000   +0.500   0.000  1.00   0.181   0.000

=== B. A+C recovery by ascertainment scheme ===
         scheme        A    biasA     sdA        C    biasC     sdC    resid   sat
     population    0.399   -0.001   0.037    0.188   -0.012   0.043   0.4136  0.00
      random_50    0.408   +0.008   0.048    0.186   -0.014   0.031   0.4059  0.00
   proband_case    0.500   +0.100   0.000    0.500   +0.300   0.000   0.0001  1.00
   case_control    0.464   +0.064   0.016    0.536   +0.336   0.016   0.0001  1.00
    enriched_20    0.479   +0.079   0.027    0.521   +0.321   0.027   0.0001  1.00
 family_history    0.590   +0.190   0.006    0.410   +0.210   0.006   0.0001  1.00
fh_proband_control    0.824   +0.424   0.048    0.176   -0.024   0.048   0.0001  1.00

=== C. r_g recovery (ascertained on trait 1) ===
         scheme      r_g     bias      SD    h2_1    h2_2  h2pin
     population    0.499   -0.001   0.060   0.524   0.509   0.00
   proband_case    1.000   +0.500   0.000   1.000   1.000   1.00
   case_control    1.000   +0.500   0.000   1.000   1.000   1.00

=== D. bias vs N: does more data fix it? ===
         scheme       N   fitted     bias      SD
     population    2500    0.542   +0.042   0.028
     population   10000    0.495   -0.005   0.034
     population   40000    0.510   +0.010   0.016
   proband_case    2500    1.000   +0.500   0.000
   proband_case   10000    1.000   +0.500   0.000
   proband_case   40000    1.000   +0.500   0.000

=== E. bias or non-convergence? ===
         scheme  n_iter       h2   tail slope
     population     500   0.4738    +4.62e-03
     population    1500   0.4827    +9.16e-03
     population    4000   0.4829    +7.34e-04
     population   multi 0.4827 0.4827 0.4827   (spread 1.3e-05 over h2_init 0.05/0.5/0.95)
   proband_case     500   0.9999    +4.80e-16
   proband_case    1500   0.9999    +0.00e+00
   proband_case    4000   0.9999    -6.75e-16
   proband_case   multi 0.9999 0.9999 0.9999   (spread 0.0e+00 over h2_init 0.05/0.5/0.95)

=== F. how wrong, and why (HE moment on true liabilities) ===
 structure              scheme  uncentered  centered  x truth
   nuclear          population       0.508     0.508     1.02
   nuclear           random_50       0.507     0.507     1.01
   nuclear        proband_case       1.679     0.199     3.36
   nuclear        case_control       1.065     0.736     2.13
   nuclear         enriched_20       0.681     0.644     1.36
   nuclear      family_history       1.083    -0.056     2.17
   nuclear  fh_proband_control       0.839     0.009     1.68
   sibship          population       0.499     0.499     1.00
   sibship           random_50       0.502     0.502     1.00
   sibship        proband_case       1.383     0.276     2.77
   sibship        case_control       0.912     0.666     1.82
   sibship         enriched_20       0.634     0.608     1.27
   sibship      family_history       0.881     0.107     1.76
   sibship  fh_proband_control       0.743     0.089     1.49

=== G. does IPW fix it? ===
             scheme   maxw  unweighted      IPW     bias  SD(unw)  SD(ipw)
         population    1.0       0.484    0.484   -0.016    0.046    0.046
          random_50    1.0       0.456    0.456   -0.044    0.036    0.036
       proband_case     --       1.000       --       --    0.000       --   positivity fails: IPW undefined
       case_control   19.0       1.000    0.495   -0.005    0.000    0.055
        enriched_20    4.7       1.000    0.473   -0.027    0.000    0.012
     family_history     --       1.000       --       --    0.000       --   positivity fails: IPW undefined
 fh_proband_control     --       1.000       --       --    0.000       --   positivity fails: IPW undefined

=== H. enrichment dose-response ===
 target  realised  enrich  fitted h2     bias      SD
  0.050     0.049    0.98x      0.426   -0.074   0.055
  0.060     0.064    1.27x      0.730   +0.230   0.087
  0.075     0.075    1.49x      0.993   +0.493   0.004
  0.100     0.100    2.00x      1.000   +0.500   0.000
  0.125     0.127    2.55x      1.000   +0.500   0.000
  0.150     0.156    3.13x      1.000   +0.500   0.000
  0.200     0.202    4.04x      1.000   +0.500   0.000

=== I. guard specificity on population cohorts ===
      N      K  cohorts  false positives
    500   0.05        2                0
   1500   0.10        2                0
   4000   0.05        2                0
   4000   0.20        2                0
  10000   0.02        2                0
  10000   0.10        2                0

=== J. observed-scale HE + Lee et al. correction ===
         scheme  P(case)   h2_obs     +Lee     bias
     population    0.050    0.159    0.707   +0.207
   case_control    0.503    0.248    0.211   -0.289
    enriched_20    0.200    0.222    0.294   -0.206

wrote /Users/au507860/REPOS/ltpred/benchmarks/bench_ascertainment.csv
wrote /Users/au507860/REPOS/ltpred/benchmarks/bench_ascertainment.png
total 2984.2s
