Locked LTFHPlus / LTFGRS comparison
LTFHPlus 2.2.0  LTFGRS 1.0.1  Rscript=/usr/local/bin/Rscript
n_fam=200  reps=3  fam=m+f+s1  h2=0.5  K=0.05  tol=0.01  n_sim=100000  burn_in=1000
R future workers=1  Numba threads=4
Estimand: posterior-mean genetic liability on classic LT-FH bounds.
LTFHPlus is Gibbs-only. Public PA is LTFGRS method=PA.
Peak RSS: isolated process via _peak_launcher (wait4, not parent floor).

Warning message:
package ‘future’ was built under R version 4.6.1 
The number of workers is 1

LTFHPlus 2.2.0  workers=1  families=200  seconds=9.935
Warning message:
package ‘future’ was built under R version 4.6.1 
The number of workers is 1

LTFGRS 1.0.1  method=PA  workers=1  families=200  seconds=1.8280
OMP: Info #276: omp_set_nested routine deprecated, please use omp_set_max_active_levels instead.
ltpred pa  families=200  seconds=0.0014
OMP: Info #276: omp_set_nested routine deprecated, please use omp_set_max_active_levels instead.
ltpred gibbs  families=200  seconds=1.7936
rep 0: corr(Gibbs,LTFHPlus)=0.99985  corr(PA,LTFHPlus)=0.99993  corr(PA,LTFGRS)=1.00000  t LTFGRS=1.828s  RMSE(Gibbs,R)=0.0050  t R=9.94s  t Gibbs=1.79s  t PA=0.001s  RSS MiB LTFHPlus=445.2  LTFGRS=258.5  Gibbs=147.9  PA=146.8
Warning message:
package ‘future’ was built under R version 4.6.1 
The number of workers is 1

LTFHPlus 2.2.0  workers=1  families=200  seconds=10.270
Warning message:
package ‘future’ was built under R version 4.6.1 
The number of workers is 1

LTFGRS 1.0.1  method=PA  workers=1  families=200  seconds=1.9030
OMP: Info #276: omp_set_nested routine deprecated, please use omp_set_max_active_levels instead.
ltpred pa  families=200  seconds=0.0014
OMP: Info #276: omp_set_nested routine deprecated, please use omp_set_max_active_levels instead.
ltpred gibbs  families=200  seconds=1.7844
rep 1: corr(Gibbs,LTFHPlus)=0.99988  corr(PA,LTFHPlus)=0.99994  corr(PA,LTFGRS)=1.00000  t LTFGRS=1.903s  RMSE(Gibbs,R)=0.0052  t R=10.27s  t Gibbs=1.78s  t PA=0.001s  RSS MiB LTFHPlus=445.2  LTFGRS=258.3  Gibbs=148.1  PA=146.7
Warning message:
package ‘future’ was built under R version 4.6.1 
The number of workers is 1

LTFHPlus 2.2.0  workers=1  families=200  seconds=10.164
Warning message:
package ‘future’ was built under R version 4.6.1 
The number of workers is 1

LTFGRS 1.0.1  method=PA  workers=1  families=200  seconds=1.8380
OMP: Info #276: omp_set_nested routine deprecated, please use omp_set_max_active_levels instead.
ltpred pa  families=200  seconds=0.0014
OMP: Info #276: omp_set_nested routine deprecated, please use omp_set_max_active_levels instead.
ltpred gibbs  families=200  seconds=1.7757
rep 2: corr(Gibbs,LTFHPlus)=0.99987  corr(PA,LTFHPlus)=0.99993  corr(PA,LTFGRS)=1.00000  t LTFGRS=1.838s  RMSE(Gibbs,R)=0.0051  t R=10.16s  t Gibbs=1.78s  t PA=0.001s  RSS MiB LTFHPlus=448.9  LTFGRS=257.8  Gibbs=147.6  PA=148.0

Across-replicate mean ± SE
  corr(ltpred Gibbs, LTFHPlus)         0.9999 ± 0.0000
  corr(ltpred PA, LTFHPlus)            0.9999 ± 0.0000
  corr(ltpred PA, LTFGRS PA)           1.0000 ± 0.0000
  RMSE(ltpred Gibbs, LTFHPlus)         0.0051 ± 0.0001
  RMSE(ltpred PA, LTFGRS PA)           0.0001 ± 0.0000
  LTFHPlus seconds (total)             10.1230 ± 0.0989
  LTFHPlus ms / family                 50.6150 ± 0.4943
  LTFGRS PA seconds (total)            1.8563 ± 0.0235
  LTFGRS PA ms / family                9.2817 ± 0.1176
  ltpred Gibbs seconds (total)         1.7846 ± 0.0052
  ltpred Gibbs ms / family             8.9229 ± 0.0259
  ltpred PA seconds (total)            0.0014 ± 0.0000
  ltpred PA ms / family                0.0072 ± 0.0000
  LTFHPlus peak RSS bytes              446.43 ± 1.24 MiB
  LTFGRS PA peak RSS bytes             258.21 ± 0.19 MiB
  ltpred Gibbs peak RSS bytes          147.90 ± 0.14 MiB
  ltpred PA peak RSS bytes             147.18 ± 0.42 MiB

Wall-clock ratios on this machine (R workers=1, Numba threads=4):
  LTFHPlus / ltpred Gibbs = 5.67
  LTFHPlus / ltpred PA    = 7069.1
  LTFGRS PA / ltpred PA   = 1296.3
  ltpred Gibbs / ltpred PA = 1246.2
These are not hardware-independent constants.
Peak RSS is the isolated child via wait4; it includes the
interpreter and packages, not just the estimator scratch.

wrote bench_ltfhplus_compare.csv
