struct=m+f+s1+s2+mgm+mgf+pgm+pgf n_fam=4000 reps=3 K=0.05 CIP(mid=60.0, slope=0.125)
inference engines: pedigree panels=PA; ADuLT cohort-span panel=closed-form

(a) vs ascertainment  [h2=0.5, K=0.05, no cohort trend]
  P=0.022 | cc=0.232 LT-FH=0.346 FH+age/cohort=0.350 | squared-corr ratios: LT-FH/case-control=2.23±0.13x FH+age/cohort/LT-FH=1.023±0.003x
  P=0.100 | cc=0.471 LT-FH=0.525 FH+age/cohort=0.531 | squared-corr ratios: LT-FH/case-control=1.24±0.02x FH+age/cohort/LT-FH=1.022±0.002x
  P=0.250 | cc=0.621 LT-FH=0.654 FH+age/cohort=0.663 | squared-corr ratios: LT-FH/case-control=1.11±0.01x FH+age/cohort/LT-FH=1.030±0.002x
  P=0.500 | cc=0.694 LT-FH=0.722 FH+age/cohort=0.738 | squared-corr ratios: LT-FH/case-control=1.08±0.00x FH+age/cohort/LT-FH=1.045±0.002x

(b) vs heritability  [K=0.05, 50% ascertained, no cohort trend]
  h2=0.2 | cc=0.487 LT-FH=0.517 FH+age/cohort=0.530 | squared-corr ratios: LT-FH/case-control=1.13±0.00x FH+age/cohort/LT-FH=1.051±0.002x
  h2=0.4 | cc=0.647 LT-FH=0.678 FH+age/cohort=0.693 | squared-corr ratios: LT-FH/case-control=1.10±0.01x FH+age/cohort/LT-FH=1.044±0.004x
  h2=0.6 | cc=0.741 LT-FH=0.770 FH+age/cohort=0.785 | squared-corr ratios: LT-FH/case-control=1.08±0.01x FH+age/cohort/LT-FH=1.039±0.003x
  h2=0.8 | cc=0.807 LT-FH=0.828 FH+age/cohort=0.846 | squared-corr ratios: LT-FH/case-control=1.05±0.00x FH+age/cohort/LT-FH=1.044±0.001x

(c) vs secular prevalence trend R  [h2=0.5, K=0.05, 50% ascertained]
  R=1.0/30y | corr aware=0.744 cohort-blind=0.744 | blind−aware mean shift=+0.000 rmse 0.577/0.577
  R=1.5/30y | corr aware=0.742 cohort-blind=0.742 | blind−aware mean shift=-0.040 rmse 0.584/0.585
  R=2.0/30y | corr aware=0.742 cohort-blind=0.741 | blind−aware mean shift=-0.058 rmse 0.586/0.590
  R=3.0/30y | corr aware=0.742 cohort-blind=0.740 | blind−aware mean shift=-0.073 rmse 0.590/0.596

(d) ADuLT cohort RANKING gain  [no family history, R=3.0]
  ±10y (born 1955-1975): cohort-aware=0.387±0.021 cohort-blind=0.378±0.025 (mean n=595)
  ±25y (born 1940-1990): cohort-aware=0.427±0.015 cohort-blind=0.374±0.023 (mean n=664)
  ±40y (born 1925-2005): cohort-aware=0.477±0.015 cohort-blind=0.383±0.018 (mean n=817)
  ±55y (born 1910-2020): cohort-aware=0.512±0.007 cohort-blind=0.397±0.017 (mean n=1071)

wrote bench_fh_prediction.csv and bench_fh_prediction.png
