PA-FGRS censoring-mixture generative validation
seed=20260719  h2=0.5  K_pop=0.1  CIP logistic(mid=60.0, slope=0.125)  fams=20000 reps=5  fam_vec=['m', 'f', 's1']
truth = simulated genetic liability; slope = regress(true ~ est) (1.0 = calibrated)

===== observation model: CROSSING =====
--- MID regime (heavy censoring) ---
  arm                     corr(PA)  slope(PA)  corr(Gibbs) slope(Gibbs) corr(PA,Gibbs)
  base + no-mixture         0.3281     1.1992       0.3337       1.2192         0.9992
  base + mixture            0.3277     1.1738            -            -              -
  interval + mixture        0.3334     0.8444            -            -              -
  pinned + no-mixture       0.3337     0.9977            -            -              -
  pinned + mixture          0.3337     0.9766            -            -              -

--- OLD regime (light censoring) ---
  arm                     corr(PA)  slope(PA)  corr(Gibbs) slope(Gibbs) corr(PA,Gibbs)
  base + no-mixture         0.4693     1.0293       0.4623       1.0217         0.9998
  base + mixture            0.4691     1.0209            -            -              -
  interval + mixture        0.4766     0.8263            -            -              -
  pinned + no-mixture       0.4770     0.9885            -            -              -
  pinned + mixture          0.4769     0.9811            -            -              -

===== observation model: STOCHASTIC-ONSET =====
--- MID regime (heavy censoring) ---
  arm                     corr(PA)  slope(PA)  corr(Gibbs) slope(Gibbs) corr(PA,Gibbs)
  base + no-mixture         0.2757     1.0184       0.2699       0.9959         0.9992
  base + mixture            0.2758     0.9974            -            -              -

--- OLD regime (light censoring) ---
  arm                     corr(PA)  slope(PA)  corr(Gibbs) slope(Gibbs) corr(PA,Gibbs)
  base + no-mixture         0.4528     0.9957       0.4495       0.9925         0.9998
  base + mixture            0.4528     0.9878            -            -              -

runtime 136s
