PA-FGRS censoring-mixture generative validation
seed=20260719  h2=0.5  K_pop=0.1  CIP logistic(mid=60.0, slope=0.125)  fams=20000 reps=5  fam_vec=['m', 'f', 's1']
truth = simulated genetic liability; slope = regress(true ~ est) (1.0 = calibrated); +/- is across-replicate SE

===== observation model: CROSSING =====
--- MID regime (heavy censoring) ---
  arm                             corr(PA)         slope(PA)  corr(Gibbs) slope(Gibbs) corr(PA,Gibbs)
  base + no-mixture       0.3281 ± 0.0047  1.1992 ± 0.0151       0.3337       1.2192         0.9992
  base + mixture          0.3277 ± 0.0047  1.1738 ± 0.0149            -            -              -
  interval + mixture      0.3334 ± 0.0047  0.8444 ± 0.0097            -            -              -
  pinned + no-mixture     0.3337 ± 0.0048  0.9977 ± 0.0109            -            -              -
  pinned + mixture        0.3337 ± 0.0048  0.9766 ± 0.0109            -            -              -

--- OLD regime (light censoring) ---
  arm                             corr(PA)         slope(PA)  corr(Gibbs) slope(Gibbs) corr(PA,Gibbs)
  base + no-mixture       0.4693 ± 0.0030  1.0293 ± 0.0069       0.4623       1.0217         0.9998
  base + mixture          0.4691 ± 0.0030  1.0209 ± 0.0068            -            -              -
  interval + mixture      0.4766 ± 0.0033  0.8263 ± 0.0050            -            -              -
  pinned + no-mixture     0.4770 ± 0.0034  0.9885 ± 0.0057            -            -              -
  pinned + mixture        0.4769 ± 0.0034  0.9811 ± 0.0057            -            -              -

===== observation model: STOCHASTIC-ONSET =====
--- MID regime (heavy censoring) ---
  arm                             corr(PA)         slope(PA)  corr(Gibbs) slope(Gibbs) corr(PA,Gibbs)
  base + no-mixture       0.2781 ± 0.0018  1.0267 ± 0.0069       0.2959       1.0685         0.9992
  base + mixture          0.2782 ± 0.0018  1.0057 ± 0.0067            -            -              -

--- OLD regime (light censoring) ---
  arm                             corr(PA)         slope(PA)  corr(Gibbs) slope(Gibbs) corr(PA,Gibbs)
  base + no-mixture       0.4536 ± 0.0037  0.9990 ± 0.0082       0.4434       0.9845         0.9998
  base + mixture          0.4537 ± 0.0037  0.9911 ± 0.0082            -            -              -

===== observation model: LIABILITY-DEPENDENT (rho=0.6) =====
--- MID regime (heavy censoring) ---
  arm                             corr(PA)         slope(PA)  corr(Gibbs) slope(Gibbs) corr(PA,Gibbs)
  base + no-mixture       0.3089 ± 0.0020  1.1321 ± 0.0103       0.3208       1.1419         0.9992
  base + mixture          0.3088 ± 0.0020  1.1088 ± 0.0101            -            -              -
  pinned + no-mixture     0.3082 ± 0.0021  0.9199 ± 0.0088            -            -              -
  pinned + mixture        0.3083 ± 0.0021  0.9008 ± 0.0086            -            -              -

--- OLD regime (light censoring) ---
  arm                             corr(PA)         slope(PA)  corr(Gibbs) slope(Gibbs) corr(PA,Gibbs)
  base + no-mixture       0.4638 ± 0.0040  1.0162 ± 0.0083       0.4578       1.0127         0.9998
  base + mixture          0.4638 ± 0.0040  1.0081 ± 0.0083            -            -              -
  pinned + no-mixture     0.4642 ± 0.0041  0.9631 ± 0.0075            -            -              -
  pinned + mixture        0.4642 ± 0.0042  0.9559 ± 0.0075            -            -              -

paired contrasts (mixture - no-mixture per replicate; mean ± SE, t-based 95% CI half-width)
  crossing/mid base + mixture - base + no-mixture: Δcorr=-0.00034 ± 0.00004 (CI95 ±0.00011); Δslope=-0.02537 ± 0.00032 (CI95 ±0.00088)
  crossing/mid pinned + mixture - pinned + no-mixture: Δcorr=-0.00002 ± 0.00004 (CI95 ±0.00010); Δslope=-0.02106 ± 0.00032 (CI95 ±0.00089)
  crossing/old base + mixture - base + no-mixture: Δcorr=-0.00017 ± 0.00005 (CI95 ±0.00013); Δslope=-0.00844 ± 0.00013 (CI95 ±0.00036)
  crossing/old pinned + mixture - pinned + no-mixture: Δcorr=-0.00008 ± 0.00004 (CI95 ±0.00011); Δslope=-0.00743 ± 0.00012 (CI95 ±0.00034)
  stochastic/mid base + mixture - base + no-mixture: Δcorr=+0.00012 ± 0.00005 (CI95 ±0.00013); Δslope=-0.02101 ± 0.00030 (CI95 ±0.00083)
  stochastic/old base + mixture - base + no-mixture: Δcorr=+0.00008 ± 0.00005 (CI95 ±0.00015); Δslope=-0.00785 ± 0.00016 (CI95 ±0.00046)
  dependent/mid base + mixture - base + no-mixture: Δcorr=-0.00013 ± 0.00003 (CI95 ±0.00008); Δslope=-0.02336 ± 0.00024 (CI95 ±0.00066)
  dependent/mid pinned + mixture - pinned + no-mixture: Δcorr=+0.00005 ± 0.00005 (CI95 ±0.00014); Δslope=-0.01913 ± 0.00030 (CI95 ±0.00083)
  dependent/old base + mixture - base + no-mixture: Δcorr=-0.00007 ± 0.00004 (CI95 ±0.00012); Δslope=-0.00812 ± 0.00014 (CI95 ±0.00038)
  dependent/old pinned + mixture - pinned + no-mixture: Δcorr=-0.00006 ± 0.00005 (CI95 ±0.00014); Δslope=-0.00724 ± 0.00016 (CI95 ±0.00044)

wrote bench_pafgrs_mixture.csv
runtime 157s
