== (a) calibration when correctly specified (h2=0.50, 5 seeds) ==
  replicate 1/5 (seed 1)
  replicate 2/5 (seed 2)
  replicate 3/5 (seed 3)
  replicate 4/5 (seed 4)
  replicate 5/5 (seed 5)
  parents+sibs  K=0.01 | slope Gibbs=1.013±0.025 PA=1.004±0.024 | intercept=-0.009±0.010 | corr=0.259±0.003 | top-decile realised/pred=0.964±0.062
  parents+sibs  K=0.05 | slope Gibbs=1.016±0.008 PA=1.006±0.008 | intercept=-0.004±0.010 | corr=0.431±0.004 | top-decile realised/pred=0.997±0.023
  parents+sibs  K=0.20 | slope Gibbs=1.009±0.005 PA=1.006±0.005 | intercept=-0.001±0.006 | corr=0.593±0.003 | top-decile realised/pred=1.006±0.007
  extended      K=0.01 | slope Gibbs=0.991±0.027 PA=0.989±0.027 | intercept=-0.007±0.004 | corr=0.248±0.004 | top-decile realised/pred=0.922±0.019
  extended      K=0.05 | slope Gibbs=1.009±0.019 PA=1.002±0.019 | intercept=-0.006±0.006 | corr=0.429±0.008 | top-decile realised/pred=0.993±0.022
  extended      K=0.20 | slope Gibbs=1.005±0.007 PA=1.002±0.007 | intercept=+0.000±0.006 | corr=0.594±0.006 | top-decile realised/pred=1.014±0.005
== (b) calibration vs assumed h2 (true h2=0.50, K=0.05, parents+2 sibs, 5 seeds) ==
  assumed h2=0.20 | slope=2.240±0.015  corr=0.429±0.004  top-decile r/p=2.256±0.065
  assumed h2=0.30 | slope=1.560±0.011  corr=0.430±0.004  top-decile r/p=1.564±0.046
  assumed h2=0.40 | slope=1.216±0.009  corr=0.431±0.004  top-decile r/p=1.215±0.036
  assumed h2=0.50 | slope=1.006±0.008  corr=0.431±0.004  top-decile r/p=1.003±0.030  <- true
  assumed h2=0.60 | slope=0.864±0.007  corr=0.430±0.004  top-decile r/p=0.862±0.025
  assumed h2=0.70 | slope=0.759±0.006  corr=0.430±0.004  top-decile r/p=0.758±0.022
  assumed h2=0.80 | slope=0.678±0.006  corr=0.429±0.004  top-decile r/p=0.678±0.020

wrote bench_calibration.csv and bench_calibration.png
total runtime: 2.8 min
