(a) vs true cross-sex rg   [h2_F=0.6, h2_M=0.2, K_F=0.05, K_M=0.1, 3 reps x 2000 fam]
       |  sex thr    Sigma |   gain ± 95% t CI    eff-N ± 95% t CI | slope thr slope Sig
  1.00 |   0.3735   0.4149 | +0.0414 ± 0.0213  1.235x ± 0.126 |    0.9069    0.9995
  0.80 |   0.3604   0.4023 | +0.0419 ± 0.0289  1.249x ± 0.199 |    0.8818    0.9944
  0.60 |   0.3550   0.4013 | +0.0462 ± 0.0237  1.278x ± 0.151 |    0.8687    1.0000
  0.40 |   0.3348   0.3937 | +0.0589 ± 0.0106  1.384x ± 0.064 |    0.8160    0.9972
  0.20 |   0.3306   0.3921 | +0.0614 ± 0.0030  1.407x ± 0.046 |    0.8239    1.0087

(b) vs heritability gap    [rg = 1, mean h2 = 0.4]
       |  sex thr    Sigma |   gain ± 95% t CI    eff-N ± 95% t CI | slope thr slope Sig
  0.00 |   0.4001   0.4001 | +0.0000 ± 0.0000  1.000x ± 0.000 |    0.9609    0.9609
  0.20 |   0.3837   0.3948 | +0.0111 ± 0.0026  1.059x ± 0.023 |    0.9007    0.9451
  0.40 |   0.3537   0.3942 | +0.0405 ± 0.0144  1.241x ± 0.070 |    0.8771    0.9846
  0.60 |   0.3395   0.4335 | +0.0940 ± 0.0272  1.639x ± 0.334 |    0.8390    1.0195

(c) mechanism: matched two-relative families, equal h2 both sexes
    [h2_F = h2_M = 0.5, so *all* of any gain is rg]
        composition |  sex thr    Sigma |   gain ± 95% t CI
  1.00     same-sex |   0.4105   0.4105 | +0.0000 ± 0.0000
  0.60     same-sex |   0.4105   0.4105 | +0.0000 ± 0.0000
  0.20     same-sex |   0.4105   0.4105 | +0.0000 ± 0.0000
  1.00    cross-sex |   0.4271   0.4271 | +0.0000 ± 0.0000
  0.60    cross-sex |   0.3740   0.3871 | +0.0131 ± 0.0096
  0.20    cross-sex |   0.3035   0.3538 | +0.0502 ± 0.0342

wrote bench_sex_limitation.csv
